
[🔄 RAG 분석 시스템 가동] 2026-02-20 15:45:03.490451
>>> [비트코인] RAG 분석 시작...
✅ 비트코인 리포트 저장 완료 (ID: 223)
>>> [이더리움] RAG 분석 시작...
✅ 이더리움 리포트 저장 완료 (ID: 80)
>>> [솔라나] RAG 분석 시작...
✅ 솔라나 리포트 저장 완료 (ID: 198)
>>> [리플] RAG 분석 시작...
✅ 리플 리포트 저장 완료 (ID: 148)

[🔄 RAG 분석 시스템 가동] 2026-02-20 16:15:53.726636
>>> [비트코인] RAG 분석 시작...
✅ 비트코인 리포트 저장 완료 (ID: 223)
>>> [이더리움] RAG 분석 시작...
✅ 이더리움 리포트 저장 완료 (ID: 80)
>>> [솔라나] RAG 분석 시작...
✅ 솔라나 리포트 저장 완료 (ID: 198)
>>> [리플] RAG 분석 시작...
✅ 리플 리포트 저장 완료 (ID: 148)

[🔄 RAG 분석 시스템 가동] 2026-02-20 16:47:08.201695
>>> [비트코인] RAG 분석 시작...
✅ 비트코인 리포트 저장 완료 (ID: 223)
>>> [이더리움] RAG 분석 시작...
✅ 이더리움 리포트 저장 완료 (ID: 80)
>>> [솔라나] RAG 분석 시작...
✅ 솔라나 리포트 저장 완료 (ID: 198)
>>> [리플] RAG 분석 시작...
✅ 리플 리포트 저장 완료 (ID: 148)

[🔄 RAG 분석 시스템 가동] 2026-02-20 17:20:11.094267
>>> [비트코인] RAG 분석 시작...
✅ 비트코인 리포트 저장 완료 (ID: 223)
>>> [이더리움] RAG 분석 시작...
✅ 이더리움 리포트 저장 완료 (ID: 80)
>>> [솔라나] RAG 분석 시작...
✅ 솔라나 리포트 저장 완료 (ID: 198)
>>> [리플] RAG 분석 시작...
✅ 리플 리포트 저장 완료 (ID: 148)

[🔄 RAG 분석 시스템 가동] 2026-02-20 17:51:53.698530
>>> [비트코인] RAG 분석 시작...
✅ 비트코인 리포트 저장 완료 (ID: 223)
>>> [이더리움] RAG 분석 시작...
✅ 이더리움 리포트 저장 완료 (ID: 80)
>>> [솔라나] RAG 분석 시작...
✅ 솔라나 리포트 저장 완료 (ID: 198)
>>> [리플] RAG 분석 시작...
✅ 리플 리포트 저장 완료 (ID: 148)

[🔄 RAG 분석 시스템 가동] 2026-02-20 18:23:10.553740
>>> [비트코인] RAG 분석 시작...
✅ 비트코인 리포트 저장 완료 (ID: 223)
>>> [이더리움] RAG 분석 시작...
✅ 이더리움 리포트 저장 완료 (ID: 80)
>>> [솔라나] RAG 분석 시작...
🔥 치명적 에러: The read operation timed out

[🔄 RAG 분석 시스템 가동] 2026-02-20 23:44:21.946878
'(ReadTimeoutError("HTTPSConnectionPool(host='huggingface.co', port=443): Read timed out. (read timeout=10)"), '(Request ID: 2612ba51-985a-418b-9ead-04f9387158cd)')' thrown while requesting HEAD https://huggingface.co/intfloat/multilingual-e5-small/resolve/main/./modules.json
Retrying in 1s [Retry 1/5].
>>> [비트코인] RAG 분석 시작...
✅ 비트코인 리포트 저장 완료 (ID: 223)
>>> [이더리움] RAG 분석 시작...
✅ 이더리움 리포트 저장 완료 (ID: 80)
>>> [솔라나] RAG 분석 시작...
✅ 솔라나 리포트 저장 완료 (ID: 198)
>>> [리플] RAG 분석 시작...
✅ 리플 리포트 저장 완료 (ID: 148)

[🔄 RAG 분석 시스템 가동] 2026-02-21 00:15:20.986157
>>> [비트코인] RAG 분석 시작...
✅ 비트코인 리포트 저장 완료 (ID: 223)
>>> [이더리움] RAG 분석 시작...
✅ 이더리움 리포트 저장 완료 (ID: 80)
>>> [솔라나] RAG 분석 시작...
✅ 솔라나 리포트 저장 완료 (ID: 198)
>>> [리플] RAG 분석 시작...
✅ 리플 리포트 저장 완료 (ID: 148)
